../Core/Src/main.c:88:5:main	8	static
../Core/Src/main.c:142:6:SystemClock_Config	88	static
../Core/Src/main.c:198:13:MX_ADC1_Init	24	static
../Core/Src/main.c:250:13:MX_I2C1_Init	8	static
../Core/Src/main.c:284:13:MX_IWDG_Init	8	static
../Core/Src/main.c:312:13:MX_TIM1_Init	80	static
../Core/Src/main.c:381:13:MX_TIM2_Init	56	static
../Core/Src/main.c:430:13:MX_TIM3_Init	32	static
../Core/Src/main.c:478:13:MX_TIM4_Init	56	static
../Core/Src/main.c:527:13:MX_TIM6_Init	16	static
../Core/Src/main.c:565:13:MX_USART2_UART_Init	8	static
../Core/Src/main.c:596:13:MX_DMA_Init	16	static
../Core/Src/main.c:614:13:MX_GPIO_Init	48	static
../Core/Src/main.c:669:6:Error_Handler	4	static,ignoring_inline_asm
